// Jest Snapshot v1, https://goo.gl/fbAQLP

exports[`Notification Dynamic Should match snapshot 1`] = `
<DocumentFragment>
  <div
    data-testid="notification-dynamic"
  >
    Dynamic Notification
  </div>
</DocumentFragment>
`;
