// Jest Snapshot v1, https://goo.gl/fbAQLP

exports[`Text Should match snapshot 1`] = `
<DocumentFragment>
  <input
    class="ant-input"
    placeholder="Text"
    type="text"
    value=""
  />
</DocumentFragment>
`;
